/* Forward declarations */
typedef  struct TYPE_4__   TYPE_2__ ;
typedef  struct TYPE_3__   TYPE_1__ ;

/* Type definitions */
struct TYPE_4__ {int x; char* y; } ;
struct TYPE_3__ {char* x; double y; } ;

/* Variables and functions */
 TYPE_2__ a ; 
 TYPE_1__ b ; 

