/* Forward declarations */
typedef  struct TYPE_3__   TYPE_1__ ;

/* Type definitions */
struct TYPE_3__ {unsigned int* vector; unsigned int size; } ;
typedef  TYPE_1__ set ;

/* Variables and functions */
 unsigned int INT_BITS ;
 scalar_t__ malloc (int) ;
