/* Forward declarations */

/* Type definitions */

/* Variables and functions */
 int A ; 
 int B ; 
 int C ; 

