/* Forward declarations */

/* Type definitions */

/* Variables and functions */
 int BASE_TYPE ; 
 char* _ (char*) ; 
 int /*<<< orphan*/  printf (char*,char*,int) ; 
 char* program_name ; 

