/* Forward declarations */

/* Type definitions */
struct linebuffer {int dummy; } ;

/* Variables and functions */

