/* Forward declarations */
typedef  struct TYPE_4__   TYPE_2__ ;
typedef  struct TYPE_3__   TYPE_1__ ;

/* Type definitions */
struct Foz {TYPE_2__* jil; } ;
struct TYPE_3__ {int jack; } ;
struct Bar {TYPE_1__ bil; } ;
struct TYPE_4__ {int me; } ;

/* Variables and functions */

