/* Forward declarations */

/* Type definitions */
union U {int w; } ;
typedef  union O {int dummy; } O ;
struct ST {int ww; } ;
typedef  char* TT ;
typedef  double T ;

/* Variables and functions */

