/* Forward declarations */

/* Type definitions */

/* Variables and functions */
 int c ; 
 double d ; 

