/* Forward declarations */

/* Type definitions */

/* Variables and functions */
 int /*<<< orphan*/  quote (char const*) ; 

