/* Forward declarations */
typedef  struct TYPE_2__   TYPE_1__ ;

/* Type definitions */
typedef  struct Type const Type ;
struct TYPE_2__ {struct Type const* b; } ;

/* Variables and functions */
 TYPE_1__* a ; 
 int /*<<< orphan*/  g (struct Type const*) ; 

