/* Forward declarations */
typedef  struct TYPE_2__   TYPE_1__ ;

/* Type definitions */
typedef  struct S {int /*<<< orphan*/  mode; } const S ;
struct TYPE_2__ {struct S const* weit; } ;

/* Variables and functions */
 TYPE_1__* ent ; 
 int /*<<< orphan*/  g (struct S const*) ; 

