/* Forward declarations */

/* Type definitions */

/* Variables and functions */
 char* a ; 

