/* Forward declarations */

/* Type definitions */

/* Variables and functions */
#define  a 129 
#define  b 128 

