/* Forward declarations */

/* Type definitions */

/* Variables and functions */
scalar_t__ j ;
scalar_t__ j1 ;
scalar_t__ j2 ;
