/* Forward declarations */

/* Type definitions */

/* Variables and functions */
 int a ;

