/* Forward declarations */

/* Type definitions */
struct A {int dummy; } ;

/* Variables and functions */
 struct A* a ;
