/* Forward declarations */

/* Type definitions */

/* Variables and functions */
 int /*<<< orphan*/  g (void*) ;
 int /*<<< orphan*/  g2 (void*) ;

