/* Forward declarations */

/* Type definitions */
typedef  int u8 ;
typedef  int u32 ;

/* Variables and functions */

