/* Forward declarations */

/* Type definitions */
typedef  size_t INT ;

/* Variables and functions */

