/* Forward declarations */

/* Type definitions */
typedef  int /*<<< orphan*/  T2 ;
typedef  void* T1 ;

/* Variables and functions */
 void* malloc (int) ; 

