/* Forward declarations */

/* Type definitions */
typedef  int /*<<< orphan*/  VOID ;

/* Variables and functions */
 int /*<<< orphan*/  printf (char*,char*) ; 

