/* Forward declarations */

/* Type definitions */
struct node {int w; struct node* z; struct node* y; scalar_t__ x; } ;
struct data {struct data* m; } ;

/* Variables and functions */

