/* Forward declarations */
typedef  struct TYPE_9__   TYPE_1__ ;

/* Type definitions */
struct TYPE_9__ {float Re; float Im; } ;
typedef  TYPE_1__* Complex ;

/* Variables and functions */
 TYPE_1__* malloc (int) ; 

