/* Forward declarations */

/* Type definitions */
typedef  float numType ;

/* Variables and functions */
 int atoi (char*) ;
 int /*<<< orphan*/  printf (char*,double) ;
 float rand () ;
 double sqrt (float) ;
