/* Forward declarations */
typedef  struct TYPE_4__   TYPE_1__ ;

/* Type definitions */
typedef  TYPE_1__* link ;
struct TYPE_4__ {struct TYPE_4__* next; } ;

/* Variables and functions */

