/* Forward declarations */
typedef  struct TYPE_3__   TYPE_1__ ;

/* Type definitions */
struct TYPE_3__ {int size; int val; } ;

/* Variables and functions */
 int N ; 
 TYPE_1__* itemKnown ; 
 TYPE_1__* items ; 
 int* maxKnown ; 
 int unknown ; 

