/* Forward declarations */
typedef  struct TYPE_6__   TYPE_1__ ;

/* Type definitions */
typedef  TYPE_1__* link ;
struct TYPE_6__ {int N; struct TYPE_6__* l; struct TYPE_6__* r; } ;

/* Variables and functions */
 int RAND_MAX ; 
 int rand () ; 
 TYPE_1__* z ; 

