/* Forward declarations */

/* Type definitions */

/* Variables and functions */
 struct A_str* malloc (int) ; 

